// Jest Snapshot v1, https://goo.gl/fbAQLP

exports[`index barrel: index-barrel 1`] = `
Object {
  "EnumsContext": Object {
    "$$typeof": Symbol(react.context),
    "Consumer": Object {
      "$$typeof": Symbol(react.context),
      "_calculateChangedBits": null,
      "_context": [Circular],
    },
    "Provider": Object {
      "$$typeof": Symbol(react.provider),
      "_context": [Circular],
    },
    "_calculateChangedBits": null,
    "_currentRenderer": null,
    "_currentRenderer2": null,
    "_currentValue": Object {},
    "_currentValue2": Object {},
    "_threadCount": 0,
  },
  "EnumsProvider": [Function],
  "configureEnums": [Function],
  "enums": [Function],
  "getEnum": [Function],
  "loadEnums": [Function],
  "useEnums": [Function],
}
`;
