// Jest Snapshot v1, https://goo.gl/fbAQLP

exports[`EnumProvider should provide context as consumer 1`] = `
<h2>
  My favorite car brand is 
  MUSTANG
</h2>
`;

exports[`EnumProvider should provide context as hook 1`] = `
<h2>
  I really like 
  TESLA
   cars
</h2>
`;
